// Jest Snapshot v1, https://goo.gl/fbAQLP

exports[`VideoCarousel component unchanged 1`] = `
<div>
  <div
    class="flex justify-center items-center"
  >
    <div
      class="max-w-xl w-full relative"
    >
      <div
        class="overflow-hidden rounded-lg"
      >
        <div
          class="flex"
        />
      </div>
      <div
        class="absolute top-0 left-2 right-2 flex items-center justify-between text-4xl text-white hover:text-blue-200"
      >
        <button>
          &lt;
        </button>
        <button>
          &gt;
        </button>
      </div>
    </div>
  </div>
</div>
`;
